C:\Users\Mateusz\Documents\JAVA\WypozyczalniaDVD\src\main\java\pl\bazadanych\tabels\Konto.java
C:\Users\Mateusz\Documents\JAVA\WypozyczalniaDVD\src\main\java\pl\bazadanych\tabels\Wypozyczenie.java
C:\Users\Mateusz\Documents\JAVA\WypozyczalniaDVD\src\main\java\pl\bazadanych\dao\EgzemplarzDao.java
C:\Users\Mateusz\Documents\JAVA\WypozyczalniaDVD\src\main\java\pl\bazadanych\dao\FilmDao.java
C:\Users\Mateusz\Documents\JAVA\WypozyczalniaDVD\src\main\java\pl\bazadanych\dao\GatunekDao.java
C:\Users\Mateusz\Documents\JAVA\WypozyczalniaDVD\src\main\java\pl\bazadanych\dao\RezyserDao.java
C:\Users\Mateusz\Documents\JAVA\WypozyczalniaDVD\src\main\java\pl\bazadanych\tabels\Film.java
C:\Users\Mateusz\Documents\JAVA\WypozyczalniaDVD\src\main\java\pl\bazadanych\Connection.java
C:\Users\Mateusz\Documents\JAVA\WypozyczalniaDVD\src\main\java\pl\Main.java
C:\Users\Mateusz\Documents\JAVA\WypozyczalniaDVD\src\main\java\pl\bazadanych\dao\DaneWypozyczeniaDao.java
C:\Users\Mateusz\Documents\JAVA\WypozyczalniaDVD\src\main\java\pl\bazadanych\tabels\Egzemplarz.java
C:\Users\Mateusz\Documents\JAVA\WypozyczalniaDVD\src\main\java\pl\bazadanych\dao\KontoDao.java
C:\Users\Mateusz\Documents\JAVA\WypozyczalniaDVD\src\main\java\pl\bazadanych\dao\WypozyczenieDao.java
C:\Users\Mateusz\Documents\JAVA\WypozyczalniaDVD\src\main\java\pl\controllers\Controller.java
C:\Users\Mateusz\Documents\JAVA\WypozyczalniaDVD\src\main\java\pl\MainTest.java
C:\Users\Mateusz\Documents\JAVA\WypozyczalniaDVD\src\main\java\pl\bazadanych\tabels\Rezyser.java
C:\Users\Mateusz\Documents\JAVA\WypozyczalniaDVD\src\main\java\pl\bazadanych\dao\GeneralDao.java
C:\Users\Mateusz\Documents\JAVA\WypozyczalniaDVD\src\main\java\pl\bazadanych\tabels\Gatunek.java
C:\Users\Mateusz\Documents\JAVA\WypozyczalniaDVD\src\main\java\pl\bazadanych\tabels\Klient.java
C:\Users\Mateusz\Documents\JAVA\WypozyczalniaDVD\src\main\java\pl\bazadanych\dao\KlientDao.java
C:\Users\Mateusz\Documents\JAVA\WypozyczalniaDVD\src\main\java\pl\bazadanych\tabels\DaneWypozyczenia.java
C:\Users\Mateusz\Documents\JAVA\WypozyczalniaDVD\src\main\java\pl\bazadanych\tabels\BaseTabel.java
